// Jest Snapshot v1, https://goo.gl/fbAQLP

exports[`Tests for default ORD document Successfully create ORD Documents with defaults 1`] = `
{
  "$schema": "https://sap.github.io/open-resource-discovery/spec-v1/interfaces/Document.schema.json",
  "apiResources": [
    {
      "apiProtocol": "odata-v4",
      "description": "AdminService",
      "entityTypeMappings": [
        {
          "entityTypeTargets": [],
        },
      ],
      "entryPoints": [
        "/odata/v4/admin",
      ],
      "extensible": {
        "supported": "no",
      },
      "ordId": "capire.bookshopordsample:apiResource:AdminService:v1",
      "partOfGroups": [
        "sap.cds:service:capire.bookshopordsample:AdminService",
      ],
      "partOfPackage": "capirebookshopordsample:package:undefined:v1",
      "releaseStatus": "active",
      "resourceDefinitions": [
        {
          "accessStrategies": [
            {
              "type": "open",
            },
          ],
          "mediaType": "application/json",
          "type": "openapi-v3",
          "url": "/.well-known/open-resource-discovery/v1/api-metadata/AdminService.oas3.json",
        },
        {
          "accessStrategies": [
            {
              "type": "open",
            },
          ],
          "mediaType": "application/xml",
          "type": "edmx",
          "url": "/.well-known/open-resource-discovery/v1/api-metadata/AdminService.edmx",
        },
      ],
      "shortDescription": "AdminService",
      "title": "AdminService",
      "version": "1.0.0",
      "visibility": "public",
    },
    {
      "apiProtocol": "odata-v4",
      "description": "CatalogService",
      "entityTypeMappings": [
        {
          "entityTypeTargets": [],
        },
      ],
      "entryPoints": [
        "/browse",
      ],
      "extensible": {
        "supported": "no",
      },
      "ordId": "capire.bookshopordsample:apiResource:CatalogService:v1",
      "partOfGroups": [
        "sap.cds:service:capire.bookshopordsample:CatalogService",
      ],
      "partOfPackage": "capirebookshopordsample:package:undefined:v1",
      "releaseStatus": "active",
      "resourceDefinitions": [
        {
          "accessStrategies": [
            {
              "type": "open",
            },
          ],
          "mediaType": "application/json",
          "type": "openapi-v3",
          "url": "/.well-known/open-resource-discovery/v1/api-metadata/CatalogService.oas3.json",
        },
        {
          "accessStrategies": [
            {
              "type": "open",
            },
          ],
          "mediaType": "application/xml",
          "type": "edmx",
          "url": "/.well-known/open-resource-discovery/v1/api-metadata/CatalogService.edmx",
        },
      ],
      "shortDescription": "CatalogService",
      "title": "CatalogService",
      "version": "1.0.0",
      "visibility": "public",
    },
  ],
  "description": "this is an application description",
  "eventResources": [
    {
      "description": "CAP Event resource describing events / messages.",
      "extensible": {
        "supported": "no",
      },
      "ordId": "capire.bookshopordsample:eventResource:AdminService:v1",
      "partOfGroups": [
        "sap.cds:service:capire.bookshopordsample:AdminService",
      ],
      "partOfPackage": "capirebookshopordsample:package:undefined:v1",
      "releaseStatus": "beta",
      "resourceDefinitions": [
        {
          "accessStrategies": [
            {
              "type": "open",
            },
          ],
          "mediaType": "application/json",
          "type": "asyncapi-v2",
          "url": "/.well-known/open-resource-discovery/v1/api-metadata/AdminService.asyncapi2.json",
        },
      ],
      "shortDescription": "Example ODM Event",
      "title": "ODM capirebookshopordsample Events",
      "version": "1.0.0",
      "visibility": "public",
    },
    {
      "description": "CAP Event resource describing events / messages.",
      "extensible": {
        "supported": "no",
      },
      "ordId": "capire.bookshopordsample:eventResource:CatalogService:v1",
      "partOfGroups": [
        "sap.cds:service:capire.bookshopordsample:CatalogService",
      ],
      "partOfPackage": "capirebookshopordsample:package:undefined:v1",
      "releaseStatus": "beta",
      "resourceDefinitions": [
        {
          "accessStrategies": [
            {
              "type": "open",
            },
          ],
          "mediaType": "application/json",
          "type": "asyncapi-v2",
          "url": "/.well-known/open-resource-discovery/v1/api-metadata/CatalogService.asyncapi2.json",
        },
      ],
      "shortDescription": "Example ODM Event",
      "title": "ODM capirebookshopordsample Events",
      "version": "1.0.0",
      "visibility": "public",
    },
  ],
  "groups": [
    {
      "groupId": "sap.cds:service:capire.bookshopordsample:AdminService",
      "groupTypeId": "sap.cds:service",
      "title": "Admin Service",
    },
    {
      "groupId": "sap.cds:service:capire.bookshopordsample:CatalogService",
      "groupTypeId": "sap.cds:service",
      "title": "Catalog Service",
    },
  ],
  "openResourceDiscovery": "1.9",
  "packages": [
    {
      "description": "Description for capire bookshop ord sample",
      "ordId": "capirebookshopordsample:package:undefined:v1",
      "partOfProducts": [
        "customer:product:capire.bookshop.ord.sample:",
      ],
      "shortDescription": "Short description for capire bookshop ord sample",
      "title": "capire bookshop ord sample",
      "vendor": "customer:vendor:Customer:",
      "version": "1.0.0",
    },
  ],
  "policyLevel": "none",
  "products": [
    {
      "ordId": "customer:product:capire.bookshop.ord.sample:",
      "shortDescription": "Description for capire bookshop ord sample",
      "title": "capire bookshop ord sample",
      "vendor": "customer:vendor:customer:",
    },
  ],
}
`;
